Parsing mdi command
Parsing: -role ENGINE -name LAMMPS -method TCP -port 8021 -hostname localhost
LAMMPS (20 Apr 2018)
Reading data file ...
  orthogonal box = (1.48626 1 -2.1312) to (71.4863 71 67.8688)
  1 by 1 by 1 MPI processor grid
  reading atoms ...
  22 atoms
  reading velocities ...
  22 velocities
  scanning bonds ...
  3 = max bonds/atom
  scanning angles ...
  6 = max angles/atom
  scanning dihedrals ...
  21 = max dihedrals/atom
  reading bonds ...
  21 bonds
  reading angles ...
  36 angles
  reading dihedrals ...
  67 dihedrals
Finding 1-2 1-3 1-4 neighbors ...
  special bond factors lj:   0          0          0.5       
  special bond factors coul: 0          0          0.833333  
  4 = max # of 1-2 neighbors
  7 = max # of 1-3 neighbors
  13 = max # of 1-4 neighbors
  16 = max # of special neighbors
MDI command: <NATOMS
MDI command: EXIT
Total wall time: 0:00:00
